{
  "version": "1.5.0",
  "plugins_used": [
    {
      "name": "ArtifactoryDetector"
    },
    {
      "name": "AWSKeyDetector"
    },
    {
      "name": "AzureStorageKeyDetector"
    },
    {
      "name": "Base64HighEntropyString",
      "limit": 4.5
    },
    {
      "name": "BasicAuthDetector"
    },
    {
      "name": "CloudantDetector"
    },
    {
      "name": "DiscordBotTokenDetector"
    },
    {
      "name": "GitHubTokenDetector"
    },
    {
      "name": "GitLabTokenDetector"
    },
    {
      "name": "HexHighEntropyString",
      "limit": 3.0
    },
    {
      "name": "IbmCloudIamDetector"
    },
    {
      "name": "IbmCosHmacDetector"
    },
    {
      "name": "IPPublicDetector"
    },
    {
      "name": "JwtTokenDetector"
    },
    {
      "name": "KeywordDetector",
      "keyword_exclude": ""
    },
    {
      "name": "MailchimpDetector"
    },
    {
      "name": "NpmDetector"
    },
    {
      "name": "OpenAIDetector"
    },
    {
      "name": "PrivateKeyDetector"
    },
    {
      "name": "PypiTokenDetector"
    },
    {
      "name": "SendGridDetector"
    },
    {
      "name": "SlackDetector"
    },
    {
      "name": "SoftlayerDetector"
    },
    {
      "name": "SquareOAuthDetector"
    },
    {
      "name": "StripeDetector"
    },
    {
      "name": "TelegramBotTokenDetector"
    },
    {
      "name": "TwilioKeyDetector"
    }
  ],
  "filters_used": [
    {
      "path": "detect_secrets.filters.allowlist.is_line_allowlisted"
    },
    {
      "path": "detect_secrets.filters.common.is_baseline_file",
      "filename": ".secrets.baseline"
    },
    {
      "path": "detect_secrets.filters.common.is_ignored_due_to_verification_policies",
      "min_level": 2
    },
    {
      "path": "detect_secrets.filters.heuristic.is_indirect_reference"
    },
    {
      "path": "detect_secrets.filters.heuristic.is_likely_id_string"
    },
    {
      "path": "detect_secrets.filters.heuristic.is_lock_file"
    },
    {
      "path": "detect_secrets.filters.heuristic.is_not_alphanumeric_string"
    },
    {
      "path": "detect_secrets.filters.heuristic.is_potential_uuid"
    },
    {
      "path": "detect_secrets.filters.heuristic.is_prefixed_with_dollar_sign"
    },
    {
      "path": "detect_secrets.filters.heuristic.is_sequential_string"
    },
    {
      "path": "detect_secrets.filters.heuristic.is_swagger_file"
    },
    {
      "path": "detect_secrets.filters.heuristic.is_templated_secret"
    },
    {
      "path": "detect_secrets.filters.regex.should_exclude_file",
      "pattern": [
        "(pnpm-lock\\.yaml|package-lock\\.json|yarn\\.lock|go\\.sum|poetry\\.lock|Cargo\\.lock)$"
      ]
    }
  ],
  "results": {
    "README.ja.md": [
      {
        "type": "Secret Keyword",
        "filename": "README.ja.md",
        "hashed_secret": "d5768d868a775ecb40321a67af122c743da8f3d6",
        "is_verified": false,
        "line_number": 250
      },
      {
        "type": "Secret Keyword",
        "filename": "README.ja.md",
        "hashed_secret": "f249d7d548275d2ac1f6cc31935cf7dff6dcd8f3",
        "is_verified": false,
        "line_number": 365
      }
    ],
    "README.md": [
      {
        "type": "Secret Keyword",
        "filename": "README.md",
        "hashed_secret": "a2f2e97de6f7af39a9f208854d9106322af07d27",
        "is_verified": false,
        "line_number": 210
      }
    ],
    "README.zh.md": [
      {
        "type": "Secret Keyword",
        "filename": "README.zh.md",
        "hashed_secret": "d5768d868a775ecb40321a67af122c743da8f3d6",
        "is_verified": false,
        "line_number": 252
      },
      {
        "type": "Secret Keyword",
        "filename": "README.zh.md",
        "hashed_secret": "6d9c68c603e465077bdd49c62347fe54717f83a3",
        "is_verified": false,
        "line_number": 276
      },
      {
        "type": "Secret Keyword",
        "filename": "README.zh.md",
        "hashed_secret": "f249d7d548275d2ac1f6cc31935cf7dff6dcd8f3",
        "is_verified": false,
        "line_number": 391
      }
    ],
    "config/config.example.json": [
      {
        "type": "Secret Keyword",
        "filename": "config/config.example.json",
        "hashed_secret": "4828aeee87a0527949cb106d4c50ae10fd333cef",
        "is_verified": false,
        "line_number": 47
      },
      {
        "type": "Secret Keyword",
        "filename": "config/config.example.json",
        "hashed_secret": "0b260bccf4447c54b5bb30ef98fb52c5964f17f5",
        "is_verified": false,
        "line_number": 58
      },
      {
        "type": "Secret Keyword",
        "filename": "config/config.example.json",
        "hashed_secret": "d5768d868a775ecb40321a67af122c743da8f3d6",
        "is_verified": false,
        "line_number": 84
      },
      {
        "type": "Secret Keyword",
        "filename": "config/config.example.json",
        "hashed_secret": "d8546aa2057245181c6e9752feb2eefd22d9de7b",
        "is_verified": false,
        "line_number": 88
      },
      {
        "type": "Secret Keyword",
        "filename": "config/config.example.json",
        "hashed_secret": "f3746ec84bc952e37ead58fd2189f6fce383357e",
        "is_verified": false,
        "line_number": 100
      },
      {
        "type": "Secret Keyword",
        "filename": "config/config.example.json",
        "hashed_secret": "ec417f567082612f8fd6afafe1abcab831fca840",
        "is_verified": false,
        "line_number": 105
      },
      {
        "type": "Secret Keyword",
        "filename": "config/config.example.json",
        "hashed_secret": "8e654d301a0c12b9ffd9e134b7b1d99ddf402e24",
        "is_verified": false,
        "line_number": 116
      }
    ],
    "demo-oci.sh": [
      {
        "type": "Secret Keyword",
        "filename": "demo-oci.sh",
        "hashed_secret": "6b895debd5ff9a71850ff10e3bc77c2fc49d5985",
        "is_verified": false,
        "line_number": 148
      }
    ],
    "oci-genai/README.md": [
      {
        "type": "Secret Keyword",
        "filename": "oci-genai/README.md",
        "hashed_secret": "6b895debd5ff9a71850ff10e3bc77c2fc49d5985",
        "is_verified": false,
        "line_number": 47
      }
    ],
    "oci-genai/proxy.py": [
      {
        "type": "Secret Keyword",
        "filename": "oci-genai/proxy.py",
        "hashed_secret": "6b895debd5ff9a71850ff10e3bc77c2fc49d5985",
        "is_verified": false,
        "line_number": 19
      }
    ],
    "pkg/config/config_test.go": [
      {
        "type": "Secret Keyword",
        "filename": "pkg/config/config_test.go",
        "hashed_secret": "6b895debd5ff9a71850ff10e3bc77c2fc49d5985",
        "is_verified": false,
        "line_number": 84
      }
    ],
    "pkg/migrate/migrate_test.go": [
      {
        "type": "Secret Keyword",
        "filename": "pkg/migrate/migrate_test.go",
        "hashed_secret": "d1c1445371e1041c5b23397fef07ce862b3e5539",
        "is_verified": false,
        "line_number": 128
      },
      {
        "type": "Secret Keyword",
        "filename": "pkg/migrate/migrate_test.go",
        "hashed_secret": "fd9a45bc0b07706d849cf85021ecf9123fa83d82",
        "is_verified": false,
        "line_number": 169
      },
      {
        "type": "Secret Keyword",
        "filename": "pkg/migrate/migrate_test.go",
        "hashed_secret": "6b8f36db289d14c3c7ba1bb21147b7a4fa7e7536",
        "is_verified": false,
        "line_number": 172
      },
      {
        "type": "Secret Keyword",
        "filename": "pkg/migrate/migrate_test.go",
        "hashed_secret": "b813a809040e16e1cbce1fadca2f00a3ce656b39",
        "is_verified": false,
        "line_number": 175
      },
      {
        "type": "Secret Keyword",
        "filename": "pkg/migrate/migrate_test.go",
        "hashed_secret": "526f1c31aea3ac8a8ebbdc2f32396dea9291d771",
        "is_verified": false,
        "line_number": 306
      },
      {
        "type": "Secret Keyword",
        "filename": "pkg/migrate/migrate_test.go",
        "hashed_secret": "40ded471ee455b2dcd38187438b419bb3eca7a55",
        "is_verified": false,
        "line_number": 307
      },
      {
        "type": "Secret Keyword",
        "filename": "pkg/migrate/migrate_test.go",
        "hashed_secret": "4ebef291dba8f1435f8b0c32b993ef95bbc2e112",
        "is_verified": false,
        "line_number": 320
      },
      {
        "type": "Secret Keyword",
        "filename": "pkg/migrate/migrate_test.go",
        "hashed_secret": "4e13698a0fe27b5e24dffe0964418551cafc282a",
        "is_verified": false,
        "line_number": 327
      },
      {
        "type": "Secret Keyword",
        "filename": "pkg/migrate/migrate_test.go",
        "hashed_secret": "6c5163ea47c9542cc55beb2c857623d42b500ea7",
        "is_verified": false,
        "line_number": 688
      },
      {
        "type": "Secret Keyword",
        "filename": "pkg/migrate/migrate_test.go",
        "hashed_secret": "e662ba930ea3da2825b68d9406c68f186e979d00",
        "is_verified": false,
        "line_number": 691
      }
    ],
    "pkg/providers/http_provider.go": [
      {
        "type": "Secret Keyword",
        "filename": "pkg/providers/http_provider.go",
        "hashed_secret": "248ce6b8052502c40f741ce8eeebb140e601c714",
        "is_verified": false,
        "line_number": 385
      },
      {
        "type": "Secret Keyword",
        "filename": "pkg/providers/http_provider.go",
        "hashed_secret": "89cebb726c24b73194b8efe65f9de8e9b2388af3",
        "is_verified": false,
        "line_number": 399
      },
      {
        "type": "Secret Keyword",
        "filename": "pkg/providers/http_provider.go",
        "hashed_secret": "25118fc225e76f12a17ac72778be53611742965e",
        "is_verified": false,
        "line_number": 410
      },
      {
        "type": "Secret Keyword",
        "filename": "pkg/providers/http_provider.go",
        "hashed_secret": "096297b8c6828336adfb9e5ee7e57cd245d09af6",
        "is_verified": false,
        "line_number": 418
      },
      {
        "type": "Secret Keyword",
        "filename": "pkg/providers/http_provider.go",
        "hashed_secret": "08a98ebc29f466f1546315ed50e6b107ef2bbe6b",
        "is_verified": false,
        "line_number": 427
      },
      {
        "type": "Secret Keyword",
        "filename": "pkg/providers/http_provider.go",
        "hashed_secret": "8245e3ce29d4e4543f90572fc0263b26a8f57f4d",
        "is_verified": false,
        "line_number": 438
      },
      {
        "type": "Secret Keyword",
        "filename": "pkg/providers/http_provider.go",
        "hashed_secret": "8ed4322e8e2790b8c928d381ce8d07cfd966e909",
        "is_verified": false,
        "line_number": 440
      },
      {
        "type": "Secret Keyword",
        "filename": "pkg/providers/http_provider.go",
        "hashed_secret": "43473d3353a4c7d4fd39792fd0d85cb926d4e93e",
        "is_verified": false,
        "line_number": 444
      },
      {
        "type": "Secret Keyword",
        "filename": "pkg/providers/http_provider.go",
        "hashed_secret": "38588ab7fa9bc328e0fd2070ef6a1cc37b07f304",
        "is_verified": false,
        "line_number": 461
      },
      {
        "type": "Secret Keyword",
        "filename": "pkg/providers/http_provider.go",
        "hashed_secret": "e5048f6af9e80b0be0382826f009614e632a5a5b",
        "is_verified": false,
        "line_number": 486
      },
      {
        "type": "Secret Keyword",
        "filename": "pkg/providers/http_provider.go",
        "hashed_secret": "c8fe4fa89e5515c033e8df2def2f1553eda38cbb",
        "is_verified": false,
        "line_number": 541
      }
    ],
    "remotion/skills-lock.json": [
      {
        "type": "Hex High Entropy String",
        "filename": "remotion/skills-lock.json",
        "hashed_secret": "3d437f5000d47c2355cf730e4e31b6e190510855",
        "is_verified": false,
        "line_number": 7
      }
    ]
  },
  "generated_at": "2026-04-22T23:33:09Z"
}
